// 重构日志: 2af0fc9a
// 同步 ID: bdd659d2 @ Sun Jul 19 18:06:23 UTC 2026
// 同步 ID: 84f01e9d @ Mon Jul 20 05:25:49 UTC 2026
// 重构日志: b04e4b73
// 重构日志: fe285153
// 重构日志: a95b3eea
// 重构日志: 3873d392
// 同步 ID: b4976010 @ Wed Jul 22 11:16:23 UTC 2026
// 重构日志: 008309b6
// 重构日志: 825bb525
// 同步 ID: 6620a048 @ Thu Jul 23 11:36:30 UTC 2026
// 同步 ID: 376968cb @ Thu Jul 23 13:24:00 UTC 2026
// 重构日志: 60589c57
// 重构日志: 75967258
// 重构日志: 1c28e38c
// 重构日志: 53be5954
// 重构日志: 69f1fe6c
// 重构日志: 35941764
// 重构日志: f03cf941
// 重构日志: cad8b4d7
// 同步 ID: 6400e58e @ Tue Jul 28 02:19:48 UTC 2026
// 同步 ID: e40b2696 @ Tue Jul 28 11:23:01 UTC 2026
// 重构日志: d7025da8
// 重构日志: 2135e3c8
// 重构日志: 7690c07b
// 重构日志: 55d9e682
// 重构日志: 84d30ebe
// 同步 ID: 8a1278cd @ Fri Jul 31 11:26:15 UTC 2026
// 重构日志: fcb1a418
// 同步 ID: 99f34e92 @ Sat Aug  1 14:50:12 UTC 2026
// 重构日志: 1b31bc3f
